// Bun Snapshot v1, https://goo.gl/fbAQLP

exports[`extractRelevantData should extract structs from a shader 1`] = `
{
  "structDefs": {
    "Light": {
      "color": "vec3",
      "position": "vec3",
    },
  },
  "structsData": {
    "Light": {
      "color": "vec3",
      "position": "vec3",
    },
  },
  "uniformDefs": {
    "u_light": [
      "Light",
      2,
    ],
  },
  "uniformsData": {
    "u_light": [
      {
        "color": "vec3",
        "position": "vec3",
      },
      {
        "color": "vec3",
        "position": "vec3",
      },
    ],
  },
}
`;
