// Vitest Snapshot v1, https://vitest.dev/guide/snapshot.html

exports[`extractRelevantData > should extract primitive types from a shader 1`] = `
{
  "structDefs": {},
  "structsData": {},
  "uniformDefs": {
    "u_color": "vec3",
    "u_position": "vec4",
    "u_resolution": "vec2",
    "u_time": "float",
  },
  "uniformsData": {
    "u_color": "vec3",
    "u_position": "vec4",
    "u_resolution": "vec2",
    "u_time": "float",
  },
}
`;

exports[`extractRelevantData > should extract structs from a shader 1`] = `
{
  "structDefs": {
    "Light": {
      "color": "vec3",
      "position": "vec3",
    },
  },
  "structsData": {
    "Light": {
      "color": "vec3",
      "position": "vec3",
    },
  },
  "uniformDefs": {
    "u_light": {
      "size": [
        2,
      ],
      "type": "Light",
    },
  },
  "uniformsData": {
    "u_light": [
      {
        "color": "vec3",
        "position": "vec3",
      },
      {
        "color": "vec3",
        "position": "vec3",
      },
    ],
  },
}
`;

exports[`extractRelevantData should extract primitive types from a shader 1`] = `
{
  "structDefs": {},
  "structsData": {},
  "uniformDefs": {
    "u_color": "vec3",
    "u_position": "vec4",
    "u_resolution": "vec2",
    "u_time": "float",
  },
  "uniformsData": {
    "u_color": "vec3",
    "u_position": "vec4",
    "u_resolution": "vec2",
    "u_time": "float",
  },
}
`;

exports[`extractRelevantData should extract structs from a shader 1`] = `
{
  "structDefs": {
    "Light": {
      "color": "vec3",
      "position": "vec3",
    },
  },
  "structsData": {
    "Light": {
      "color": "vec3",
      "position": "vec3",
    },
  },
  "uniformDefs": {
    "u_light": {
      "size": [
        2,
      ],
      "type": "Light",
    },
  },
  "uniformsData": {
    "u_light": [
      {
        "color": "vec3",
        "position": "vec3",
      },
      {
        "color": "vec3",
        "position": "vec3",
      },
    ],
  },
}
`;
